V3 3
FL /home/jo/workspaces/fpga-spartan3e-tuts/dac8/dac8.vhd 2015/10/03.18:10:56 P.20131013
EN work/dac8 1443888665 FL /home/jo/workspaces/fpga-spartan3e-tuts/dac8/dac8.vhd \
      PB ieee/std_logic_1164 1381692176 PB ieee/std_logic_arith 1381692177 \
      PB ieee/STD_LOGIC_UNSIGNED 1381692179
AR work/dac8/Behavioral 1443888666 \
      FL /home/jo/workspaces/fpga-spartan3e-tuts/dac8/dac8.vhd EN work/dac8 1443888665
